------------------------------------------------------------
Timing Analyzer Summary
------------------------------------------------------------

Type  : Slow 1100mV 85C Model Setup 'rotation_counter[1]'
Slack : -4.904
TNS   : -41.806

Type  : Slow 1100mV 85C Model Setup 'clk'
Slack : -3.589
TNS   : -85.846

Type  : Slow 1100mV 85C Model Hold 'clk'
Slack : 0.444
TNS   : 0.000

Type  : Slow 1100mV 85C Model Hold 'rotation_counter[1]'
Slack : 0.570
TNS   : 0.000

Type  : Slow 1100mV 85C Model Minimum Pulse Width 'clk'
Slack : -0.538
TNS   : -26.186

Type  : Slow 1100mV 85C Model Minimum Pulse Width 'rotation_counter[1]'
Slack : 0.252
TNS   : 0.000

Type  : Slow 1100mV 0C Model Setup 'rotation_counter[1]'
Slack : -4.932
TNS   : -42.480

Type  : Slow 1100mV 0C Model Setup 'clk'
Slack : -3.552
TNS   : -86.395

Type  : Slow 1100mV 0C Model Hold 'clk'
Slack : 0.294
TNS   : 0.000

Type  : Slow 1100mV 0C Model Hold 'rotation_counter[1]'
Slack : 0.483
TNS   : 0.000

Type  : Slow 1100mV 0C Model Minimum Pulse Width 'clk'
Slack : -0.538
TNS   : -26.962

Type  : Slow 1100mV 0C Model Minimum Pulse Width 'rotation_counter[1]'
Slack : 0.227
TNS   : 0.000

Type  : Fast 1100mV 85C Model Setup 'rotation_counter[1]'
Slack : -2.072
TNS   : -16.794

Type  : Fast 1100mV 85C Model Setup 'clk'
Slack : -1.538
TNS   : -25.047

Type  : Fast 1100mV 85C Model Hold 'clk'
Slack : 0.196
TNS   : 0.000

Type  : Fast 1100mV 85C Model Hold 'rotation_counter[1]'
Slack : 0.352
TNS   : 0.000

Type  : Fast 1100mV 85C Model Minimum Pulse Width 'clk'
Slack : -0.097
TNS   : -3.070

Type  : Fast 1100mV 85C Model Minimum Pulse Width 'rotation_counter[1]'
Slack : 0.385
TNS   : 0.000

Type  : Fast 1100mV 0C Model Setup 'rotation_counter[1]'
Slack : -1.913
TNS   : -15.673

Type  : Fast 1100mV 0C Model Setup 'clk'
Slack : -1.294
TNS   : -20.623

Type  : Fast 1100mV 0C Model Hold 'clk'
Slack : 0.140
TNS   : 0.000

Type  : Fast 1100mV 0C Model Hold 'rotation_counter[1]'
Slack : 0.302
TNS   : 0.000

Type  : Fast 1100mV 0C Model Minimum Pulse Width 'clk'
Slack : -0.098
TNS   : -3.164

Type  : Fast 1100mV 0C Model Minimum Pulse Width 'rotation_counter[1]'
Slack : 0.388
TNS   : 0.000

------------------------------------------------------------
